{
  "type": "0x1::lite_account::Account",
  "data": {
    "sequence_number": "1"
  }
}
